<html>
<body>
<pre>
<h1>µVision Build Log</h1>
<h2>Tool Versions:</h2>
IDE-Version: µVision V5.29.0.0
Copyright (C) 2019 ARM Ltd and ARM Germany GmbH. All rights reserved.
License Information: Miro Samek, Quantum Leaps, LLC, LIC=----
 
Tool Versions:
Toolchain:       MDK-Lite  Version: 5.29.0.0
Toolchain Path:  C:\tools\Keil_v5\ARM\ARMCC\Bin
C Compiler:      Armcc.exe V5.06 update 6 (build 750)
Assembler:       Armasm.exe V5.06 update 6 (build 750)
Linker/Locator:  ArmLink.exe V5.06 update 6 (build 750)
Library Manager: ArmAr.exe V5.06 update 6 (build 750)
Hex Converter:   FromElf.exe V5.06 update 6 (build 750)
CPU DLL:         SARMCM3.DLL V5.29.0.0
Dialog DLL:      DCM.DLL V1.17.3.0
Target DLL:      lmidk-agdi.dll V???
Dialog DLL:      TCM.DLL V1.36.5.0
 
<h2>Project:</h2>
C:\embedded_programming\lesson32\lesson.uvprojx
Project File Date:  01/31/2020

<h2>Output:</h2>
*** Using Compiler 'V5.06 update 6 (build 750)', folder: 'C:\tools\Keil_v5\ARM\ARMCC\Bin'
Rebuild target 'dbg'
compiling shape.c...
compiling rectangle.c...
compiling main.c...
compiling bsp.c...
assembling startup_TM4C123GH6PM.s...
compiling qep_hsm.c...
compiling system_TM4C123GH6PM.c...
compiling qep_msm.c...
compiling qf_act.c...
compiling qf_actq.c...
compiling qf_dyn.c...
compiling qf_mem.c...
compiling qf_defer.c...
compiling qf_ps.c...
compiling qf_qact.c...
compiling qf_qmact.c...
compiling qf_time.c...
compiling qf_qeq.c...
compiling qxk.c...
compiling qxk_sema.c...
compiling qxk_xthr.c...
compiling qxk_mutex.c...
compiling qxk_port.c...
linking...
Program Size: Code=9264 RO-data=872 RW-data=44 ZI-data=3092  
".\dbg\lesson.axf" - 0 Error(s), 0 Warning(s).

<h2>Software Packages used:</h2>

Package Vendor: Keil
                http://www.keil.com/pack/Keil.TM4C_DFP.1.1.0.pack
                Keil.TM4C_DFP.1.1.0
                Texas Instruments Tiva C Series Device Support and Examples

<h2>Collection of Component include folders:</h2>
  .\RTE\_dbg
  C:\tools\Keil_v5\ARM\PACK\Keil\TM4C_DFP\1.1.0\Device\Include\TM4C123

<h2>Collection of Component Files used:</h2>
Build Time Elapsed:  00:00:04
</pre>
</body>
</html>
